tests/04.sh: line 1: /usr/bin/spim: No such file or directory
