abcdefghijklmnopqrstuvwayz
01234567890
abcdefghijklmnopqrstuvwayz
01234567890
abcdefghijklmnopqrstuvwayz
01234567890
