+00000 (F, 4096) 
[a] +00008 
+00000 (A,  108) +00108 (F, 3988) 
[a] +00008 [b] +00116 
+00000 (A,  108) +00108 (A,  208) +00316 (F, 3780) 
[a] +00008 [b] +00116 [c] +00324 
+00000 (A,  108) +00108 (A,  208) +00316 (A,  308) +00624 (F, 3472) 
[a] +00008 [c] +00324 
+00000 (A,  108) +00108 (F,  208) +00316 (A,  308) +00624 (F, 3472) 
[a] +00008 [c] +00324 [d] +00116 
+00000 (A,  108) +00108 (A,  208) +00316 (A,  308) +00624 (F, 3472) 
[a] +00008 [d] +00116 
+00000 (A,  108) +00108 (A,  208) +00316 (F, 3780) 
[d] +00116 
+00000 (F,  108) +00108 (A,  208) +00316 (F, 3780) 
+00000 (F, 4096) 
Attempt to free unallocated chunk
