+00000 (F, 4096) 
[a] +00008 
+00000 (A,  108) +00108 (F, 3988) 
[a] +00008 [b] +00116 
+00000 (A,  108) +00108 (A,  108) +00216 (F, 3880) 
[a] +00008 [b] +00116 [c] +00224 
+00000 (A,  108) +00108 (A,  108) +00216 (A,  108) +00324 (F, 3772) 
[a] +00008 [b] +00116 [c] +00224 [d] +00332 
+00000 (A,  108) +00108 (A,  108) +00216 (A,  108) +00324 (A,  108) +00432 (F, 3664) 

[b] +00116 [c] +00224 [d] +00332 
+00000 (F,  108) +00108 (A,  108) +00216 (A,  108) +00324 (A,  108) +00432 (F, 3664) 

[c] +00224 [d] +00332 
+00000 (F,  216) +00216 (A,  108) +00324 (A,  108) +00432 (F, 3664) 
[d] +00332 
+00000 (F,  324) +00324 (A,  108) +00432 (F, 3664) 
+00000 (F, 4096) 
+00000 (F, 4096) 
