+00000 (F, 4096) 
[a] +00008 
+00000 (A, 1008) +01008 (F, 3088) 
[a] +00008 [b] +01016 
+00000 (A, 1008) +01008 (A, 1008) +02016 (F, 2080) 
[a] +00008 [b] +01016 [c] +02024 
+00000 (A, 1008) +01008 (A, 1008) +02016 (A, 1008) +03024 (F, 1072) 
[a] +00008 [b] +01016 [c] +02024 [d] +03032 
+00000 (A, 1008) +01008 (A, 1008) +02016 (A, 1008) +03024 (A, 1008) +04032 (F,   64) 

[a] +00008 [b] +01016 [c] +02024 [d] +03032 
+00000 (A, 1008) +01008 (A, 1008) +02016 (A, 1008) +03024 (A, 1008) +04032 (F,   64) 

+00000 (A, 1008) +01008 (A, 1008) +02016 (A, 1008) +03024 (A, 1008) +04032 (F,   64) 

