13 11 10 12 15 14 16 
#nodes = 7
Original Tree:
       13
       / \
      /   \
     /     \
    /       \
   11       15
  / \       / \
 /   \     /   \
10   12   14   16

> i 18
New Tree:  #nodes=8,    depth=4
       13
       / \
      /   \
     /     \
    /       \
   11       15
  / \       / \
 /   \     /   \
10   12   14   16
                 \
                 18

> d 15
New Tree:  #nodes=7,    depth=3
       13
       / \
      /   \
     /     \
    /       \
   11       16
  / \       / \
 /   \     /   \
10   12   14   18

> d 13
New Tree:  #nodes=6,    depth=3
     14
     / \
    /   \
   11   16
  / \     \
 /   \    18
10   12

> i 15
New Tree:  #nodes=7,    depth=3
       14
       / \
      /   \
     /     \
    /       \
   11       16
  / \       / \
 /   \     /   \
10   12   15   18

> q
