13 11 10 12 15 14 16 
#nodes = 7
Original Tree:
       13
       / \
      /   \
     /     \
    /       \
   11       15
  / \       / \
 /   \     /   \
10   12   14   16

> d 11
New Tree:  #nodes=6,    depth=3
    13
    / \
   /   \
  12   15
 /     / \
10    /   \
     14   16

> i 11
New Tree:  #nodes=7,    depth=4
    13
    / \
   /   \
  12   15
 /     / \
10    /   \
 \   14   16
 11

> i 9
New Tree:  #nodes=8,    depth=4
      13
      / \
     /   \
    12   15
   /     / \
  10    /   \
 / \   14   16
9  11

> d 12
New Tree:  #nodes=7,    depth=3
     13
     / \
    /   \
   /     \
  10     15
 / \     / \
9  11   /   \
       14   16

> i 12
New Tree:  #nodes=8,    depth=4
      13
      / \
     /   \
    /     \
   /       \
  10       15
 / \       / \
9  11     /   \
     \   14   16
     12

> i 17
New Tree:  #nodes=9,    depth=4
      13
      / \
     /   \
    /     \
   /       \
  10       15
 / \       / \
9  11     /   \
     \   14   16
     12         \
                17

> d 13
New Tree:  #nodes=8,    depth=4
    14
    / \
   /   \
  10   15
 / \     \
9  11    16
     \     \
     12    17

> q
