Iteration 0
........................................
........................................
........................................
........................................
........................................
........................................
........................................
........................................
........................................
........................................
..................@oooo.................
........................................
........................................
........................................
........................................
........................................
........................................
........................................
........................................
........................................
