Iteration 0
........................................
........................................
........................................
........................................
........................................
........................................
........................................
........................................
........................................
........................................
.@oooooooooooooooooooooooooooooooooooooo
........................................
........................................
........................................
........................................
........................................
........................................
........................................
........................................
........................................
